2026-04-22 19:51:13 - INFO - ======================================================================
2026-04-22 19:51:13 - INFO - 时序数据聚合接口性能测试
2026-04-22 19:51:13 - INFO - ======================================================================
2026-04-22 19:51:13 - INFO - 
测试说明:
  1. 注册测试设备
  2. 写入 5000 条高频传感器数据 (90% 正常, 10% 告警)
  3. 验证数据库中的聚合字段 (temperature, humidity, is_alert)
  4. 测试参数校验 (边界条件)
  5. 测试每分钟聚合 (核心功能 - 数据库层面聚合)
  6. 验证告警穿透逻辑
  7. 聚合前后数据对比 & 误差分析

测试报告将输出到:
  - 控制台 (实时显示)
  - test_report.txt (详细日志)

2026-04-22 19:51:13 - INFO - ======================================================================
2026-04-22 19:51:13 - INFO - 时序数据聚合接口性能测试
2026-04-22 19:51:13 - INFO - ======================================================================
2026-04-22 19:51:14 - INFO - ======================================================================
2026-04-22 19:51:14 - INFO - 第 1 步：注册测试设备
2026-04-22 19:51:14 - INFO - ======================================================================
2026-04-22 19:51:14 - INFO - 
    注册设备: agg_test_470b309a
2026-04-22 19:51:14 - INFO -     注册成功: secret_key=ipAXa3Ek...
2026-04-22 19:51:14 - INFO - ======================================================================
2026-04-22 19:51:14 - INFO - 第 2 步：写入 5000 条高频传感器数据
2026-04-22 19:51:14 - INFO - ======================================================================
2026-04-22 19:51:14 - INFO - 
    准备生成 5000 条数据...
2026-04-22 19:51:14 - INFO -     数据分布:
2026-04-22 19:51:14 - INFO -       - 正常数据 (20-45C): 4500 条 (90%)
2026-04-22 19:51:14 - INFO -       - 告警数据 (55-100C): 500 条 (10%)
2026-04-22 19:51:25 - INFO - ======================================================================
2026-04-22 19:51:25 - INFO - 时序数据聚合接口性能测试
2026-04-22 19:51:25 - INFO - ======================================================================
2026-04-22 19:51:25 - INFO - 
测试说明:
  1. 注册测试设备
  2. 写入 5000 条高频传感器数据 (90% 正常, 10% 告警)
  3. 验证数据库中的聚合字段 (temperature, humidity, is_alert)
  4. 测试参数校验 (边界条件)
  5. 测试每分钟聚合 (核心功能 - 数据库层面聚合)
  6. 验证告警穿透逻辑
  7. 聚合前后数据对比 & 误差分析

测试报告将输出到:
  - 控制台 (实时显示)
  - test_report.txt (详细日志)

2026-04-22 19:51:25 - INFO - ======================================================================
2026-04-22 19:51:25 - INFO - 时序数据聚合接口性能测试
2026-04-22 19:51:25 - INFO - ======================================================================
2026-04-22 19:51:25 - INFO - ======================================================================
2026-04-22 19:51:25 - INFO - 第 1 步：注册测试设备
2026-04-22 19:51:25 - INFO - ======================================================================
2026-04-22 19:51:25 - INFO - 
    注册设备: agg_test_6caa9ad6
2026-04-22 19:51:25 - INFO -     注册成功: secret_key=Q1XECySc...
2026-04-22 19:51:25 - INFO - ======================================================================
2026-04-22 19:51:25 - INFO - 第 2 步：写入 5000 条高频传感器数据
2026-04-22 19:51:25 - INFO - ======================================================================
2026-04-22 19:51:25 - INFO - 
    准备生成 5000 条数据...
2026-04-22 19:51:25 - INFO -     数据分布:
2026-04-22 19:51:25 - INFO -       - 正常数据 (20-45C): 4500 条 (90%)
2026-04-22 19:51:25 - INFO -       - 告警数据 (55-100C): 500 条 (10%)
